2026-07-31 16:39:39 - INFO - Results saved to workspace/HumanEval/workflows/round_1/0.86364_20260731_163939.csv
2026-07-31 16:39:39 - INFO - Average score on HumanEval dataset: 0.86364
2026-07-31 16:39:39 - INFO - Total Cost: 0.00000
2026-07-31 16:39:39 - INFO - 
Mixed probability distribution: [0.2900056 0.2900056 0.2900056 0.1299832]
2026-07-31 16:39:39 - INFO - 
Sorted rounds: [{'round': 4, 'score': 0.9090909090909091}, {'round': 6, 'score': 0.9090909090909091}, {'round': 7, 'score': 0.9090909090909091}, {'round': 1, 'score': 0.8409090909090909}]
2026-07-31 16:39:39 - INFO - 
Selected index: 0, Selected item: {'round': 4, 'score': 0.9090909090909091}
2026-07-31 16:39:39 - INFO - Processed experience data saved to workspace/HumanEval/workflows/processed_experience.json
2026-07-31 16:39:39 - INFO - Error occurred: 'AnswerGenerate'. Retrying... (Attempt 1/1)
2026-07-31 16:39:39 - INFO - Max retries reached. Moving to next round.
2026-07-31 16:39:44 - INFO - Score for round 2: None
2026-07-31 16:39:49 - INFO - 
Mixed probability distribution: [0.2900056 0.2900056 0.2900056 0.1299832]
2026-07-31 16:39:49 - INFO - 
Sorted rounds: [{'round': 4, 'score': 0.9090909090909091}, {'round': 6, 'score': 0.9090909090909091}, {'round': 7, 'score': 0.9090909090909091}, {'round': 1, 'score': 0.8409090909090909}]
2026-07-31 16:39:49 - INFO - 
Selected index: 1, Selected item: {'round': 6, 'score': 0.9090909090909091}
2026-07-31 16:39:49 - INFO - Processed experience data saved to workspace/HumanEval/workflows/processed_experience.json
2026-07-31 16:39:49 - INFO - Error occurred: 'AnswerGenerate'. Retrying... (Attempt 1/1)
2026-07-31 16:39:49 - INFO - Max retries reached. Moving to next round.
2026-07-31 16:39:54 - INFO - Score for round 3: None
2026-07-31 16:39:59 - INFO - 
Mixed probability distribution: [0.2900056 0.2900056 0.2900056 0.1299832]
2026-07-31 16:39:59 - INFO - 
Sorted rounds: [{'round': 4, 'score': 0.9090909090909091}, {'round': 6, 'score': 0.9090909090909091}, {'round': 7, 'score': 0.9090909090909091}, {'round': 1, 'score': 0.8409090909090909}]
2026-07-31 16:39:59 - INFO - 
Selected index: 2, Selected item: {'round': 7, 'score': 0.9090909090909091}
2026-07-31 16:39:59 - INFO - Processed experience data saved to workspace/HumanEval/workflows/processed_experience.json
2026-07-31 16:39:59 - INFO - Error occurred: 'AnswerGenerate'. Retrying... (Attempt 1/1)
2026-07-31 16:39:59 - INFO - Max retries reached. Moving to next round.
2026-07-31 16:40:04 - INFO - Score for round 4: None
2026-07-31 16:40:09 - INFO - 
Mixed probability distribution: [0.2900056 0.2900056 0.2900056 0.1299832]
2026-07-31 16:40:09 - INFO - 
Sorted rounds: [{'round': 4, 'score': 0.9090909090909091}, {'round': 6, 'score': 0.9090909090909091}, {'round': 7, 'score': 0.9090909090909091}, {'round': 1, 'score': 0.8409090909090909}]
2026-07-31 16:40:09 - INFO - 
Selected index: 0, Selected item: {'round': 4, 'score': 0.9090909090909091}
2026-07-31 16:40:09 - INFO - Processed experience data saved to workspace/HumanEval/workflows/processed_experience.json
2026-07-31 16:40:09 - INFO - Error occurred: 'AnswerGenerate'. Retrying... (Attempt 1/1)
2026-07-31 16:40:09 - INFO - Max retries reached. Moving to next round.
2026-07-31 16:40:14 - INFO - Score for round 5: None
2026-07-31 16:40:19 - INFO - 
Mixed probability distribution: [0.2900056 0.2900056 0.2900056 0.1299832]
2026-07-31 16:40:19 - INFO - 
Sorted rounds: [{'round': 4, 'score': 0.9090909090909091}, {'round': 6, 'score': 0.9090909090909091}, {'round': 7, 'score': 0.9090909090909091}, {'round': 1, 'score': 0.8409090909090909}]
2026-07-31 16:40:19 - INFO - 
Selected index: 1, Selected item: {'round': 6, 'score': 0.9090909090909091}
2026-07-31 16:40:19 - INFO - Processed experience data saved to workspace/HumanEval/workflows/processed_experience.json
2026-07-31 16:40:19 - INFO - Error occurred: 'AnswerGenerate'. Retrying... (Attempt 1/1)
2026-07-31 16:40:19 - INFO - Max retries reached. Moving to next round.
2026-07-31 16:40:24 - INFO - Score for round 6: None
2026-07-31 16:40:29 - INFO - 
Mixed probability distribution: [0.2900056 0.2900056 0.2900056 0.1299832]
2026-07-31 16:40:29 - INFO - 
Sorted rounds: [{'round': 4, 'score': 0.9090909090909091}, {'round': 6, 'score': 0.9090909090909091}, {'round': 7, 'score': 0.9090909090909091}, {'round': 1, 'score': 0.8409090909090909}]
2026-07-31 16:40:29 - INFO - 
Selected index: 0, Selected item: {'round': 4, 'score': 0.9090909090909091}
2026-07-31 16:40:29 - INFO - Processed experience data saved to workspace/HumanEval/workflows/processed_experience.json
2026-07-31 16:40:29 - INFO - Error occurred: 'AnswerGenerate'. Retrying... (Attempt 1/1)
2026-07-31 16:40:29 - INFO - Max retries reached. Moving to next round.
2026-07-31 16:40:34 - INFO - Score for round 7: None
2026-07-31 16:40:39 - INFO - 
Mixed probability distribution: [0.2900056 0.2900056 0.2900056 0.1299832]
2026-07-31 16:40:39 - INFO - 
Sorted rounds: [{'round': 4, 'score': 0.9090909090909091}, {'round': 6, 'score': 0.9090909090909091}, {'round': 7, 'score': 0.9090909090909091}, {'round': 1, 'score': 0.8409090909090909}]
2026-07-31 16:40:39 - INFO - 
Selected index: 0, Selected item: {'round': 4, 'score': 0.9090909090909091}
2026-07-31 16:40:39 - INFO - Processed experience data saved to workspace/HumanEval/workflows/processed_experience.json
2026-07-31 16:40:39 - INFO - Error occurred: 'AnswerGenerate'. Retrying... (Attempt 1/1)
2026-07-31 16:40:39 - INFO - Max retries reached. Moving to next round.
2026-07-31 16:40:44 - INFO - Score for round 8: None
2026-07-31 16:40:49 - INFO - 
Mixed probability distribution: [0.2900056 0.2900056 0.2900056 0.1299832]
2026-07-31 16:40:49 - INFO - 
Sorted rounds: [{'round': 4, 'score': 0.9090909090909091}, {'round': 6, 'score': 0.9090909090909091}, {'round': 7, 'score': 0.9090909090909091}, {'round': 1, 'score': 0.8409090909090909}]
2026-07-31 16:40:49 - INFO - 
Selected index: 1, Selected item: {'round': 6, 'score': 0.9090909090909091}
2026-07-31 16:40:49 - INFO - Processed experience data saved to workspace/HumanEval/workflows/processed_experience.json
2026-07-31 16:40:49 - INFO - Error occurred: 'AnswerGenerate'. Retrying... (Attempt 1/1)
2026-07-31 16:40:49 - INFO - Max retries reached. Moving to next round.
2026-07-31 16:40:54 - INFO - Score for round 9: None
2026-07-31 16:40:59 - INFO - 
Mixed probability distribution: [0.2900056 0.2900056 0.2900056 0.1299832]
2026-07-31 16:40:59 - INFO - 
Sorted rounds: [{'round': 4, 'score': 0.9090909090909091}, {'round': 6, 'score': 0.9090909090909091}, {'round': 7, 'score': 0.9090909090909091}, {'round': 1, 'score': 0.8409090909090909}]
2026-07-31 16:40:59 - INFO - 
Selected index: 1, Selected item: {'round': 6, 'score': 0.9090909090909091}
2026-07-31 16:40:59 - INFO - Processed experience data saved to workspace/HumanEval/workflows/processed_experience.json
2026-07-31 16:40:59 - INFO - Error occurred: 'AnswerGenerate'. Retrying... (Attempt 1/1)
2026-07-31 16:40:59 - INFO - Max retries reached. Moving to next round.
2026-07-31 16:41:04 - INFO - Score for round 10: None
2026-07-31 16:41:09 - INFO - 
Mixed probability distribution: [0.2900056 0.2900056 0.2900056 0.1299832]
2026-07-31 16:41:09 - INFO - 
Sorted rounds: [{'round': 4, 'score': 0.9090909090909091}, {'round': 6, 'score': 0.9090909090909091}, {'round': 7, 'score': 0.9090909090909091}, {'round': 1, 'score': 0.8409090909090909}]
2026-07-31 16:41:09 - INFO - 
Selected index: 1, Selected item: {'round': 6, 'score': 0.9090909090909091}
2026-07-31 16:41:09 - INFO - Processed experience data saved to workspace/HumanEval/workflows/processed_experience.json
2026-07-31 16:41:09 - INFO - Error occurred: 'AnswerGenerate'. Retrying... (Attempt 1/1)
2026-07-31 16:41:09 - INFO - Max retries reached. Moving to next round.
2026-07-31 16:41:14 - INFO - Score for round 11: None
2026-07-31 20:09:37 - INFO - Error occurred: Unsupported dataset: HumanEval_ag. Retrying... (Attempt 1/1)
2026-07-31 20:09:37 - INFO - Max retries reached. Moving to next round.
2026-07-31 20:09:42 - INFO - Score for round 2: None
2026-07-31 20:09:47 - INFO - Error occurred: 'round'. Retrying... (Attempt 1/1)
2026-07-31 20:09:47 - INFO - Max retries reached. Moving to next round.
2026-07-31 20:09:52 - INFO - Score for round 3: None
2026-07-31 20:09:57 - INFO - Error occurred: 'round'. Retrying... (Attempt 1/1)
2026-07-31 20:09:57 - INFO - Max retries reached. Moving to next round.
2026-07-31 20:10:02 - INFO - Score for round 4: None
2026-07-31 20:10:07 - INFO - Error occurred: 'round'. Retrying... (Attempt 1/1)
2026-07-31 20:10:07 - INFO - Max retries reached. Moving to next round.
2026-07-31 20:10:12 - INFO - Score for round 5: None
2026-07-31 20:10:17 - INFO - Error occurred: 'round'. Retrying... (Attempt 1/1)
2026-07-31 20:10:17 - INFO - Max retries reached. Moving to next round.
2026-07-31 20:10:22 - INFO - Score for round 6: None
2026-07-31 20:10:27 - INFO - Error occurred: 'round'. Retrying... (Attempt 1/1)
2026-07-31 20:10:27 - INFO - Max retries reached. Moving to next round.
2026-07-31 20:10:32 - INFO - Score for round 7: None
2026-07-31 20:10:37 - INFO - Error occurred: 'round'. Retrying... (Attempt 1/1)
2026-07-31 20:10:37 - INFO - Max retries reached. Moving to next round.
2026-07-31 20:10:42 - INFO - Score for round 8: None
2026-07-31 20:10:47 - INFO - Error occurred: 'round'. Retrying... (Attempt 1/1)
2026-07-31 20:10:47 - INFO - Max retries reached. Moving to next round.
2026-07-31 20:10:53 - INFO - Score for round 9: None
2026-07-31 20:10:58 - INFO - Error occurred: 'round'. Retrying... (Attempt 1/1)
2026-07-31 20:10:58 - INFO - Max retries reached. Moving to next round.
2026-07-31 20:11:03 - INFO - Score for round 10: None
2026-07-31 20:11:08 - INFO - Error occurred: 'round'. Retrying... (Attempt 1/1)
2026-07-31 20:11:08 - INFO - Max retries reached. Moving to next round.
2026-07-31 20:11:13 - INFO - Score for round 11: None
