[run_optimize] starting at round 1, target 20, validation_rounds=1, check_convergence=False
Evaluating HumanEval problems:   0%|          | 0/22 [00:00<?, ?it/s]Evaluating HumanEval problems:   5%|▍         | 1/22 [00:11<04:07, 11.78s/it]Evaluating HumanEval problems:  18%|█▊        | 4/22 [00:11<00:40,  2.27s/it]Evaluating HumanEval problems:  32%|███▏      | 7/22 [00:12<00:16,  1.07s/it]Evaluating HumanEval problems:  50%|█████     | 11/22 [00:12<00:05,  1.85it/s]Evaluating HumanEval problems:  73%|███████▎  | 16/22 [00:12<00:01,  3.38it/s]Evaluating HumanEval problems:  91%|█████████ | 20/22 [00:12<00:00,  4.82it/s]Evaluating HumanEval problems: 100%|██████████| 22/22 [00:12<00:00,  1.75it/s]
[32m2026-07-28 23:11:46 - INFO - Maximum retries reached. Skipping this sample. Error: Connection error.[0m
[32m2026-07-28 23:11:46 - INFO - Maximum retries reached. Skipping this sample. Error: Connection error.[0m
[32m2026-07-28 23:11:46 - INFO - Maximum retries reached. Skipping this sample. Error: Connection error.[0m
[32m2026-07-28 23:11:47 - INFO - Maximum retries reached. Skipping this sample. Error: Connection error.[0m
[32m2026-07-28 23:11:47 - INFO - Maximum retries reached. Skipping this sample. Error: Connection error.[0m
[32m2026-07-28 23:11:47 - INFO - Maximum retries reached. Skipping this sample. Error: Connection error.[0m
[32m2026-07-28 23:11:47 - INFO - Maximum retries reached. Skipping this sample. Error: Connection error.[0m
[32m2026-07-28 23:11:47 - INFO - Maximum retries reached. Skipping this sample. Error: Connection error.[0m
[32m2026-07-28 23:11:47 - INFO - Maximum retries reached. Skipping this sample. Error: Connection error.[0m
[32m2026-07-28 23:11:47 - INFO - Maximum retries reached. Skipping this sample. Error: Connection error.[0m
[32m2026-07-28 23:11:47 - INFO - Maximum retries reached. Skipping this sample. Error: Connection error.[0m
[32m2026-07-28 23:11:47 - INFO - Maximum retries reached. Skipping this sample. Error: Connection error.[0m
[32m2026-07-28 23:11:47 - INFO - Maximum retries reached. Skipping this sample. Error: Connection error.[0m
[32m2026-07-28 23:11:47 - INFO - Maximum retries reached. Skipping this sample. Error: Connection error.[0m
[32m2026-07-28 23:11:47 - INFO - Maximum retries reached. Skipping this sample. Error: Connection error.[0m
[32m2026-07-28 23:11:47 - INFO - Maximum retries reached. Skipping this sample. Error: Connection error.[0m
[32m2026-07-28 23:11:47 - INFO - Maximum retries reached. Skipping this sample. Error: Connection error.[0m
[32m2026-07-28 23:11:47 - INFO - Maximum retries reached. Skipping this sample. Error: Connection error.[0m
[32m2026-07-28 23:11:47 - INFO - Maximum retries reached. Skipping this sample. Error: Connection error.[0m
[32m2026-07-28 23:11:47 - INFO - Maximum retries reached. Skipping this sample. Error: Connection error.[0m
[32m2026-07-28 23:11:47 - INFO - Maximum retries reached. Skipping this sample. Error: Connection error.[0m
[32m2026-07-28 23:11:47 - INFO - Maximum retries reached. Skipping this sample. Error: Connection error.[0m
[32m2026-07-28 23:11:47 - INFO - Results saved to workspace/HumanEval/workflows/round_1/0.00000_20260728_231147.csv[0m
[32m2026-07-28 23:11:47 - INFO - Average score on HumanEval dataset: 0.00000[0m
[32m2026-07-28 23:11:47 - INFO - Total Cost: 0.00000[0m
[32m2026-07-28 23:11:47 - INFO - 
Mixed probability distribution: [1.][0m
[32m2026-07-28 23:11:47 - INFO - 
Sorted rounds: [{'round': 1, 'score': 0.0}][0m
[32m2026-07-28 23:11:47 - INFO - 
Selected index: 0, Selected item: {'round': 1, 'score': 0.0}[0m
[32m2026-07-28 23:11:47 - INFO - Processed experience data saved to workspace/HumanEval/workflows/processed_experience.json[0m
[32m2026-07-28 23:11:47 - INFO - workspace/HumanEval/workflows/round_1/log.json[0m
[32m2026-07-28 23:11:49 - INFO - Error occurred: Connection error.. Retrying... (Attempt 1/1)[0m
[32m2026-07-28 23:11:49 - INFO - Max retries reached. Moving to next round.[0m
[32m2026-07-28 23:11:54 - INFO - Score for round 2: None[0m
[32m2026-07-28 23:11:59 - INFO - 
Mixed probability distribution: [1.][0m
[32m2026-07-28 23:11:59 - INFO - 
Sorted rounds: [{'round': 1, 'score': 0.0}][0m
[32m2026-07-28 23:11:59 - INFO - 
Selected index: 0, Selected item: {'round': 1, 'score': 0.0}[0m
[32m2026-07-28 23:11:59 - INFO - Processed experience data saved to workspace/HumanEval/workflows/processed_experience.json[0m
[32m2026-07-28 23:11:59 - INFO - workspace/HumanEval/workflows/round_1/log.json[0m
[32m2026-07-28 23:12:00 - INFO - Error occurred: Connection error.. Retrying... (Attempt 1/1)[0m
[32m2026-07-28 23:12:00 - INFO - Max retries reached. Moving to next round.[0m
[32m2026-07-28 23:12:05 - INFO - Score for round 3: None[0m
[32m2026-07-28 23:12:10 - INFO - 
Mixed probability distribution: [1.][0m
[32m2026-07-28 23:12:10 - INFO - 
Sorted rounds: [{'round': 1, 'score': 0.0}][0m
[32m2026-07-28 23:12:10 - INFO - 
Selected index: 0, Selected item: {'round': 1, 'score': 0.0}[0m
[32m2026-07-28 23:12:10 - INFO - Processed experience data saved to workspace/HumanEval/workflows/processed_experience.json[0m
[32m2026-07-28 23:12:10 - INFO - workspace/HumanEval/workflows/round_1/log.json[0m
[32m2026-07-28 23:12:11 - INFO - Error occurred: Connection error.. Retrying... (Attempt 1/1)[0m
[32m2026-07-28 23:12:11 - INFO - Max retries reached. Moving to next round.[0m
[32m2026-07-28 23:12:16 - INFO - Score for round 4: None[0m
[32m2026-07-28 23:12:21 - INFO - 
Mixed probability distribution: [1.][0m
[32m2026-07-28 23:12:21 - INFO - 
Sorted rounds: [{'round': 1, 'score': 0.0}][0m
[32m2026-07-28 23:12:21 - INFO - 
Selected index: 0, Selected item: {'round': 1, 'score': 0.0}[0m
[32m2026-07-28 23:12:21 - INFO - Processed experience data saved to workspace/HumanEval/workflows/processed_experience.json[0m
[32m2026-07-28 23:12:21 - INFO - workspace/HumanEval/workflows/round_1/log.json[0m
[32m2026-07-28 23:12:23 - INFO - Error occurred: Connection error.. Retrying... (Attempt 1/1)[0m
[32m2026-07-28 23:12:23 - INFO - Max retries reached. Moving to next round.[0m
[32m2026-07-28 23:12:28 - INFO - Score for round 5: None[0m
[32m2026-07-28 23:12:33 - INFO - 
Mixed probability distribution: [1.][0m
[32m2026-07-28 23:12:33 - INFO - 
Sorted rounds: [{'round': 1, 'score': 0.0}][0m
[32m2026-07-28 23:12:33 - INFO - 
Selected index: 0, Selected item: {'round': 1, 'score': 0.0}[0m
[32m2026-07-28 23:12:33 - INFO - Processed experience data saved to workspace/HumanEval/workflows/processed_experience.json[0m
[32m2026-07-28 23:12:33 - INFO - workspace/HumanEval/workflows/round_1/log.json[0m
[32m2026-07-28 23:12:34 - INFO - Error occurred: Connection error.. Retrying... (Attempt 1/1)[0m
[32m2026-07-28 23:12:34 - INFO - Max retries reached. Moving to next round.[0m
[32m2026-07-28 23:12:39 - INFO - Score for round 6: None[0m
[32m2026-07-28 23:12:44 - INFO - 
Mixed probability distribution: [1.][0m
[32m2026-07-28 23:12:44 - INFO - 
Sorted rounds: [{'round': 1, 'score': 0.0}][0m
[32m2026-07-28 23:12:44 - INFO - 
Selected index: 0, Selected item: {'round': 1, 'score': 0.0}[0m
[32m2026-07-28 23:12:44 - INFO - Processed experience data saved to workspace/HumanEval/workflows/processed_experience.json[0m
[32m2026-07-28 23:12:44 - INFO - workspace/HumanEval/workflows/round_1/log.json[0m
[32m2026-07-28 23:12:45 - INFO - Error occurred: Connection error.. Retrying... (Attempt 1/1)[0m
[32m2026-07-28 23:12:45 - INFO - Max retries reached. Moving to next round.[0m
[32m2026-07-28 23:12:50 - INFO - Score for round 7: None[0m
[32m2026-07-28 23:12:55 - INFO - 
Mixed probability distribution: [1.][0m
[32m2026-07-28 23:12:55 - INFO - 
Sorted rounds: [{'round': 1, 'score': 0.0}][0m
[32m2026-07-28 23:12:55 - INFO - 
Selected index: 0, Selected item: {'round': 1, 'score': 0.0}[0m
[32m2026-07-28 23:12:55 - INFO - Processed experience data saved to workspace/HumanEval/workflows/processed_experience.json[0m
[32m2026-07-28 23:12:55 - INFO - workspace/HumanEval/workflows/round_1/log.json[0m
[32m2026-07-28 23:12:57 - INFO - Error occurred: Connection error.. Retrying... (Attempt 1/1)[0m
[32m2026-07-28 23:12:57 - INFO - Max retries reached. Moving to next round.[0m
[32m2026-07-28 23:13:02 - INFO - Score for round 8: None[0m
[32m2026-07-28 23:13:07 - INFO - 
Mixed probability distribution: [1.][0m
[32m2026-07-28 23:13:07 - INFO - 
Sorted rounds: [{'round': 1, 'score': 0.0}][0m
[32m2026-07-28 23:13:07 - INFO - 
Selected index: 0, Selected item: {'round': 1, 'score': 0.0}[0m
[32m2026-07-28 23:13:07 - INFO - Processed experience data saved to workspace/HumanEval/workflows/processed_experience.json[0m
[32m2026-07-28 23:13:07 - INFO - workspace/HumanEval/workflows/round_1/log.json[0m
[32m2026-07-28 23:13:08 - INFO - Error occurred: Connection error.. Retrying... (Attempt 1/1)[0m
[32m2026-07-28 23:13:08 - INFO - Max retries reached. Moving to next round.[0m
[32m2026-07-28 23:13:13 - INFO - Score for round 9: None[0m
[32m2026-07-28 23:13:18 - INFO - 
Mixed probability distribution: [1.][0m
[32m2026-07-28 23:13:18 - INFO - 
Sorted rounds: [{'round': 1, 'score': 0.0}][0m
[32m2026-07-28 23:13:18 - INFO - 
Selected index: 0, Selected item: {'round': 1, 'score': 0.0}[0m
[32m2026-07-28 23:13:18 - INFO - Processed experience data saved to workspace/HumanEval/workflows/processed_experience.json[0m
[32m2026-07-28 23:13:18 - INFO - workspace/HumanEval/workflows/round_1/log.json[0m
[32m2026-07-28 23:13:19 - INFO - Error occurred: Connection error.. Retrying... (Attempt 1/1)[0m
[32m2026-07-28 23:13:19 - INFO - Max retries reached. Moving to next round.[0m
[32m2026-07-28 23:13:24 - INFO - Score for round 10: None[0m
[32m2026-07-28 23:13:29 - INFO - 
Mixed probability distribution: [1.][0m
[32m2026-07-28 23:13:29 - INFO - 
Sorted rounds: [{'round': 1, 'score': 0.0}][0m
[32m2026-07-28 23:13:29 - INFO - 
Selected index: 0, Selected item: {'round': 1, 'score': 0.0}[0m
[32m2026-07-28 23:13:29 - INFO - Processed experience data saved to workspace/HumanEval/workflows/processed_experience.json[0m
[32m2026-07-28 23:13:29 - INFO - workspace/HumanEval/workflows/round_1/log.json[0m
[32m2026-07-28 23:13:31 - INFO - Error occurred: Connection error.. Retrying... (Attempt 1/1)[0m
[32m2026-07-28 23:13:31 - INFO - Max retries reached. Moving to next round.[0m
[32m2026-07-28 23:13:36 - INFO - Score for round 11: None[0m
[32m2026-07-28 23:13:41 - INFO - 
Mixed probability distribution: [1.][0m
[32m2026-07-28 23:13:41 - INFO - 
Sorted rounds: [{'round': 1, 'score': 0.0}][0m
[32m2026-07-28 23:13:41 - INFO - 
Selected index: 0, Selected item: {'round': 1, 'score': 0.0}[0m
[32m2026-07-28 23:13:41 - INFO - Processed experience data saved to workspace/HumanEval/workflows/processed_experience.json[0m
[32m2026-07-28 23:13:41 - INFO - workspace/HumanEval/workflows/round_1/log.json[0m
[32m2026-07-28 23:13:42 - INFO - Error occurred: Connection error.. Retrying... (Attempt 1/1)[0m
[32m2026-07-28 23:13:42 - INFO - Max retries reached. Moving to next round.[0m
[32m2026-07-28 23:13:47 - INFO - Score for round 12: None[0m
[32m2026-07-28 23:13:52 - INFO - 
Mixed probability distribution: [1.][0m
[32m2026-07-28 23:13:52 - INFO - 
Sorted rounds: [{'round': 1, 'score': 0.0}][0m
[32m2026-07-28 23:13:52 - INFO - 
Selected index: 0, Selected item: {'round': 1, 'score': 0.0}[0m
[32m2026-07-28 23:13:52 - INFO - Processed experience data saved to workspace/HumanEval/workflows/processed_experience.json[0m
[32m2026-07-28 23:13:52 - INFO - workspace/HumanEval/workflows/round_1/log.json[0m
[32m2026-07-28 23:13:53 - INFO - Error occurred: Connection error.. Retrying... (Attempt 1/1)[0m
[32m2026-07-28 23:13:53 - INFO - Max retries reached. Moving to next round.[0m
[32m2026-07-28 23:13:58 - INFO - Score for round 13: None[0m
[32m2026-07-28 23:14:03 - INFO - 
Mixed probability distribution: [1.][0m
[32m2026-07-28 23:14:03 - INFO - 
Sorted rounds: [{'round': 1, 'score': 0.0}][0m
[32m2026-07-28 23:14:03 - INFO - 
Selected index: 0, Selected item: {'round': 1, 'score': 0.0}[0m
[32m2026-07-28 23:14:03 - INFO - Processed experience data saved to workspace/HumanEval/workflows/processed_experience.json[0m
[32m2026-07-28 23:14:03 - INFO - workspace/HumanEval/workflows/round_1/log.json[0m
[32m2026-07-28 23:14:05 - INFO - Error occurred: Connection error.. Retrying... (Attempt 1/1)[0m
[32m2026-07-28 23:14:05 - INFO - Max retries reached. Moving to next round.[0m
[32m2026-07-28 23:14:10 - INFO - Score for round 14: None[0m
[32m2026-07-28 23:14:15 - INFO - 
Mixed probability distribution: [1.][0m
[32m2026-07-28 23:14:15 - INFO - 
Sorted rounds: [{'round': 1, 'score': 0.0}][0m
[32m2026-07-28 23:14:15 - INFO - 
Selected index: 0, Selected item: {'round': 1, 'score': 0.0}[0m
[32m2026-07-28 23:14:15 - INFO - Processed experience data saved to workspace/HumanEval/workflows/processed_experience.json[0m
[32m2026-07-28 23:14:15 - INFO - workspace/HumanEval/workflows/round_1/log.json[0m
[32m2026-07-28 23:14:16 - INFO - Error occurred: Connection error.. Retrying... (Attempt 1/1)[0m
[32m2026-07-28 23:14:16 - INFO - Max retries reached. Moving to next round.[0m
[32m2026-07-28 23:14:21 - INFO - Score for round 15: None[0m
[32m2026-07-28 23:14:26 - INFO - 
Mixed probability distribution: [1.][0m
[32m2026-07-28 23:14:26 - INFO - 
Sorted rounds: [{'round': 1, 'score': 0.0}][0m
[32m2026-07-28 23:14:26 - INFO - 
Selected index: 0, Selected item: {'round': 1, 'score': 0.0}[0m
[32m2026-07-28 23:14:26 - INFO - Processed experience data saved to workspace/HumanEval/workflows/processed_experience.json[0m
[32m2026-07-28 23:14:26 - INFO - workspace/HumanEval/workflows/round_1/log.json[0m
[32m2026-07-28 23:14:28 - INFO - Error occurred: Connection error.. Retrying... (Attempt 1/1)[0m
[32m2026-07-28 23:14:28 - INFO - Max retries reached. Moving to next round.[0m
[32m2026-07-28 23:14:33 - INFO - Score for round 16: None[0m
[32m2026-07-28 23:14:38 - INFO - 
Mixed probability distribution: [1.][0m
[32m2026-07-28 23:14:38 - INFO - 
Sorted rounds: [{'round': 1, 'score': 0.0}][0m
[32m2026-07-28 23:14:38 - INFO - 
Selected index: 0, Selected item: {'round': 1, 'score': 0.0}[0m
[32m2026-07-28 23:14:38 - INFO - Processed experience data saved to workspace/HumanEval/workflows/processed_experience.json[0m
[32m2026-07-28 23:14:38 - INFO - workspace/HumanEval/workflows/round_1/log.json[0m
[32m2026-07-28 23:14:39 - INFO - Error occurred: Connection error.. Retrying... (Attempt 1/1)[0m
[32m2026-07-28 23:14:39 - INFO - Max retries reached. Moving to next round.[0m
[32m2026-07-28 23:14:44 - INFO - Score for round 17: None[0m
[32m2026-07-28 23:14:49 - INFO - 
Mixed probability distribution: [1.][0m
[32m2026-07-28 23:14:49 - INFO - 
Sorted rounds: [{'round': 1, 'score': 0.0}][0m
[32m2026-07-28 23:14:49 - INFO - 
Selected index: 0, Selected item: {'round': 1, 'score': 0.0}[0m
[32m2026-07-28 23:14:49 - INFO - Processed experience data saved to workspace/HumanEval/workflows/processed_experience.json[0m
[32m2026-07-28 23:14:49 - INFO - workspace/HumanEval/workflows/round_1/log.json[0m
[32m2026-07-28 23:14:50 - INFO - Error occurred: Connection error.. Retrying... (Attempt 1/1)[0m
[32m2026-07-28 23:14:50 - INFO - Max retries reached. Moving to next round.[0m
[32m2026-07-28 23:14:55 - INFO - Score for round 18: None[0m
[32m2026-07-28 23:15:00 - INFO - 
Mixed probability distribution: [1.][0m
[32m2026-07-28 23:15:00 - INFO - 
Sorted rounds: [{'round': 1, 'score': 0.0}][0m
[32m2026-07-28 23:15:00 - INFO - 
Selected index: 0, Selected item: {'round': 1, 'score': 0.0}[0m
[32m2026-07-28 23:15:00 - INFO - Processed experience data saved to workspace/HumanEval/workflows/processed_experience.json[0m
[32m2026-07-28 23:15:00 - INFO - workspace/HumanEval/workflows/round_1/log.json[0m
[32m2026-07-28 23:15:01 - INFO - Error occurred: Connection error.. Retrying... (Attempt 1/1)[0m
[32m2026-07-28 23:15:01 - INFO - Max retries reached. Moving to next round.[0m
[32m2026-07-28 23:15:06 - INFO - Score for round 19: None[0m
[32m2026-07-28 23:15:11 - INFO - 
Mixed probability distribution: [1.][0m
[32m2026-07-28 23:15:11 - INFO - 
Sorted rounds: [{'round': 1, 'score': 0.0}][0m
[32m2026-07-28 23:15:11 - INFO - 
Selected index: 0, Selected item: {'round': 1, 'score': 0.0}[0m
[32m2026-07-28 23:15:11 - INFO - Processed experience data saved to workspace/HumanEval/workflows/processed_experience.json[0m
[32m2026-07-28 23:15:11 - INFO - workspace/HumanEval/workflows/round_1/log.json[0m
[32m2026-07-28 23:15:13 - INFO - Error occurred: Connection error.. Retrying... (Attempt 1/1)[0m
[32m2026-07-28 23:15:13 - INFO - Max retries reached. Moving to next round.[0m
[32m2026-07-28 23:15:18 - INFO - Score for round 20: None[0m
[32m2026-07-28 23:15:23 - INFO - 
Mixed probability distribution: [1.][0m
[32m2026-07-28 23:15:23 - INFO - 
Sorted rounds: [{'round': 1, 'score': 0.0}][0m
[32m2026-07-28 23:15:23 - INFO - 
Selected index: 0, Selected item: {'round': 1, 'score': 0.0}[0m
[32m2026-07-28 23:15:23 - INFO - Processed experience data saved to workspace/HumanEval/workflows/processed_experience.json[0m
[32m2026-07-28 23:15:23 - INFO - workspace/HumanEval/workflows/round_1/log.json[0m
[32m2026-07-28 23:15:24 - INFO - Error occurred: Connection error.. Retrying... (Attempt 1/1)[0m
[32m2026-07-28 23:15:24 - INFO - Max retries reached. Moving to next round.[0m
[32m2026-07-28 23:15:29 - INFO - Score for round 21: None[0m
