Traceback (most recent call last):
  File "/dl_scratch2/ege/elcin/Workflow-Misevolution/run_safety_round_internal_safety.py", line 139, in <module>
    main()
  File "/dl_scratch2/ege/elcin/Workflow-Misevolution/run_safety_round_internal_safety.py", line 89, in main
    subset = json.loads(SUBSET.read_text())
  File "/dl_scratch2/ege/envs/misevolution_agent_safety/lib/python3.10/pathlib.py", line 1134, in read_text
    with self.open(mode='r', encoding=encoding, errors=errors) as f:
  File "/dl_scratch2/ege/envs/misevolution_agent_safety/lib/python3.10/pathlib.py", line 1119, in open
    return self._accessor.open(self, mode, buffering, encoding, errors,
FileNotFoundError: [Errno 2] No such file or directory: '/dl_scratch2/ege/elcin/Workflow-Misevolution/results/redcode_subset_120.json'
Traceback (most recent call last):
  File "/dl_scratch2/ege/elcin/Workflow-Misevolution/run_safety_round_internal_safety.py", line 139, in <module>
    main()
  File "/dl_scratch2/ege/elcin/Workflow-Misevolution/run_safety_round_internal_safety.py", line 89, in main
    subset = json.loads(SUBSET.read_text())
  File "/dl_scratch2/ege/envs/misevolution_agent_safety/lib/python3.10/pathlib.py", line 1134, in read_text
    with self.open(mode='r', encoding=encoding, errors=errors) as f:
  File "/dl_scratch2/ege/envs/misevolution_agent_safety/lib/python3.10/pathlib.py", line 1119, in open
    return self._accessor.open(self, mode, buffering, encoding, errors,
FileNotFoundError: [Errno 2] No such file or directory: '/dl_scratch2/ege/elcin/Workflow-Misevolution/results/redcode_subset_120.json'
Traceback (most recent call last):
  File "/dl_scratch2/ege/elcin/Workflow-Misevolution/run_safety_round_internal_safety.py", line 139, in <module>
    main()
  File "/dl_scratch2/ege/elcin/Workflow-Misevolution/run_safety_round_internal_safety.py", line 89, in main
    subset = json.loads(SUBSET.read_text())
  File "/dl_scratch2/ege/envs/misevolution_agent_safety/lib/python3.10/pathlib.py", line 1134, in read_text
    with self.open(mode='r', encoding=encoding, errors=errors) as f:
  File "/dl_scratch2/ege/envs/misevolution_agent_safety/lib/python3.10/pathlib.py", line 1119, in open
    return self._accessor.open(self, mode, buffering, encoding, errors,
FileNotFoundError: [Errno 2] No such file or directory: '/dl_scratch2/ege/elcin/Workflow-Misevolution/results/redcode_subset_120.json'
Traceback (most recent call last):
  File "/dl_scratch2/ege/elcin/Workflow-Misevolution/run_safety_round_internal_safety.py", line 139, in <module>
    main()
  File "/dl_scratch2/ege/elcin/Workflow-Misevolution/run_safety_round_internal_safety.py", line 89, in main
    subset = json.loads(SUBSET.read_text())
  File "/dl_scratch2/ege/envs/misevolution_agent_safety/lib/python3.10/pathlib.py", line 1134, in read_text
    with self.open(mode='r', encoding=encoding, errors=errors) as f:
  File "/dl_scratch2/ege/envs/misevolution_agent_safety/lib/python3.10/pathlib.py", line 1119, in open
    return self._accessor.open(self, mode, buffering, encoding, errors,
FileNotFoundError: [Errno 2] No such file or directory: '/dl_scratch2/ege/elcin/Workflow-Misevolution/results/redcode_subset_120.json'
Traceback (most recent call last):
  File "/dl_scratch2/ege/elcin/Workflow-Misevolution/run_safety_round_internal_safety.py", line 139, in <module>
    main()
  File "/dl_scratch2/ege/elcin/Workflow-Misevolution/run_safety_round_internal_safety.py", line 89, in main
    subset = json.loads(SUBSET.read_text())
  File "/dl_scratch2/ege/envs/misevolution_agent_safety/lib/python3.10/pathlib.py", line 1134, in read_text
    with self.open(mode='r', encoding=encoding, errors=errors) as f:
  File "/dl_scratch2/ege/envs/misevolution_agent_safety/lib/python3.10/pathlib.py", line 1119, in open
    return self._accessor.open(self, mode, buffering, encoding, errors,
FileNotFoundError: [Errno 2] No such file or directory: '/dl_scratch2/ege/elcin/Workflow-Misevolution/results/redcode_subset_120.json'
Traceback (most recent call last):
  File "/dl_scratch2/ege/elcin/Workflow-Misevolution/run_safety_round_internal_safety.py", line 139, in <module>
    main()
  File "/dl_scratch2/ege/elcin/Workflow-Misevolution/run_safety_round_internal_safety.py", line 89, in main
    subset = json.loads(SUBSET.read_text())
  File "/dl_scratch2/ege/envs/misevolution_agent_safety/lib/python3.10/pathlib.py", line 1134, in read_text
    with self.open(mode='r', encoding=encoding, errors=errors) as f:
  File "/dl_scratch2/ege/envs/misevolution_agent_safety/lib/python3.10/pathlib.py", line 1119, in open
    return self._accessor.open(self, mode, buffering, encoding, errors,
FileNotFoundError: [Errno 2] No such file or directory: '/dl_scratch2/ege/elcin/Workflow-Misevolution/results/redcode_subset_120.json'
Traceback (most recent call last):
  File "/dl_scratch2/ege/elcin/Workflow-Misevolution/run_safety_round_internal_safety.py", line 139, in <module>
    main()
  File "/dl_scratch2/ege/elcin/Workflow-Misevolution/run_safety_round_internal_safety.py", line 89, in main
    subset = json.loads(SUBSET.read_text())
  File "/dl_scratch2/ege/envs/misevolution_agent_safety/lib/python3.10/pathlib.py", line 1134, in read_text
    with self.open(mode='r', encoding=encoding, errors=errors) as f:
  File "/dl_scratch2/ege/envs/misevolution_agent_safety/lib/python3.10/pathlib.py", line 1119, in open
    return self._accessor.open(self, mode, buffering, encoding, errors,
FileNotFoundError: [Errno 2] No such file or directory: '/dl_scratch2/ege/elcin/Workflow-Misevolution/results/redcode_subset_120.json'
[internal-safety-sweep] wrote prompt.py snapshot for 11 rounds
[internal-safety-sweep] scoring 7 rounds on RedCode-120: [1, 4, 5, 7, 8, 9, 10]

===== INTERNAL-SAFETY round 1 =====
[internal-safety-sweep] round 1 produced no output (rc=1); skipping

===== INTERNAL-SAFETY round 4 =====
[internal-safety-sweep] round 4 produced no output (rc=1); skipping

===== INTERNAL-SAFETY round 5 =====
[internal-safety-sweep] round 5 produced no output (rc=1); skipping

===== INTERNAL-SAFETY round 7 =====
[internal-safety-sweep] round 7 produced no output (rc=1); skipping

===== INTERNAL-SAFETY round 8 =====
[internal-safety-sweep] round 8 produced no output (rc=1); skipping

===== INTERNAL-SAFETY round 9 =====
[internal-safety-sweep] round 9 produced no output (rc=1); skipping

===== INTERNAL-SAFETY round 10 =====
[internal-safety-sweep] round 10 produced no output (rc=1); skipping

[internal-safety-sweep] wrote /dl_scratch2/ege/elcin/Workflow-Misevolution/results_internal_safety/safety_summary.json (0 rounds)
