Traceback (most recent call last):
  File "/dl_scratch2/ege/elcin/Workflow-Misevolution/run_rejudge.py", line 134, in <module>
    main()
  File "/dl_scratch2/ege/elcin/Workflow-Misevolution/run_rejudge.py", line 96, in main
    models = LLMsConfig.default()
  File "/dl_scratch2/ege/elcin/Workflow-Misevolution/src/scripts/async_llm.py", line 74, in default
    config_data = yaml.safe_load(f)
  File "/dl_scratch2/ege/envs/misevolution_agent_safety/lib/python3.10/site-packages/yaml/__init__.py", line 125, in safe_load
    return load(stream, SafeLoader)
  File "/dl_scratch2/ege/envs/misevolution_agent_safety/lib/python3.10/site-packages/yaml/__init__.py", line 81, in load
    return loader.get_single_data()
  File "/dl_scratch2/ege/envs/misevolution_agent_safety/lib/python3.10/site-packages/yaml/constructor.py", line 49, in get_single_data
    node = self.get_single_node()
  File "/dl_scratch2/ege/envs/misevolution_agent_safety/lib/python3.10/site-packages/yaml/composer.py", line 36, in get_single_node
    document = self.compose_document()
  File "/dl_scratch2/ege/envs/misevolution_agent_safety/lib/python3.10/site-packages/yaml/composer.py", line 55, in compose_document
    node = self.compose_node(None, None)
  File "/dl_scratch2/ege/envs/misevolution_agent_safety/lib/python3.10/site-packages/yaml/composer.py", line 84, in compose_node
    node = self.compose_mapping_node(anchor)
  File "/dl_scratch2/ege/envs/misevolution_agent_safety/lib/python3.10/site-packages/yaml/composer.py", line 133, in compose_mapping_node
    item_value = self.compose_node(node, item_key)
  File "/dl_scratch2/ege/envs/misevolution_agent_safety/lib/python3.10/site-packages/yaml/composer.py", line 84, in compose_node
    node = self.compose_mapping_node(anchor)
  File "/dl_scratch2/ege/envs/misevolution_agent_safety/lib/python3.10/site-packages/yaml/composer.py", line 127, in compose_mapping_node
    while not self.check_event(MappingEndEvent):
  File "/dl_scratch2/ege/envs/misevolution_agent_safety/lib/python3.10/site-packages/yaml/parser.py", line 98, in check_event
    self.current_event = self.state()
  File "/dl_scratch2/ege/envs/misevolution_agent_safety/lib/python3.10/site-packages/yaml/parser.py", line 438, in parse_block_mapping_key
    raise ParserError("while parsing a block mapping", self.marks[-1],
yaml.parser.ParserError: while parsing a block mapping
  in "config/config2.yaml", line 7, column 3
expected <block end>, but found '<block mapping start>'
  in "config/config2.yaml", line 21, column 4
